******************************************************************************
            TI ARM Clang Linker Unix v3.2.1                    
******************************************************************************
>> Linked Tue May  6 08:37:06 2025

OUTPUT FILE NAME:   <finalproj1.out>
ENTRY POINT SYMBOL: "_c_int00_noinit_noargs"  address: 00000261


MEMORY CONFIGURATION

         name            origin    length      used     unused   attr    fill
----------------------  --------  ---------  --------  --------  ----  --------
  FLASH                 00000000   00020000  000002b8  0001fd48  R  X
  SRAM                  20200000   00008000  00000200  00007e00  RW X
  BCR_CONFIG            41c00000   00000080  00000000  00000080  R   
  BSL_CONFIG            41c00100   00000080  00000000  00000080  R   


SEGMENT ALLOCATION MAP

run origin  load origin   length   init length attrs members
----------  ----------- ---------- ----------- ----- -------
00000000    00000000    000002b8   000002b8    r-x
  00000000    00000000    000000c0   000000c0    r-- .intvecs
  000000c0    000000c0    000001f0   000001f0    r-x .text
  000002b0    000002b0    00000008   00000008    r-- .rodata
20207e00    20207e00    00000200   00000000    rw-
  20207e00    20207e00    00000200   00000000    rw- .stack


SECTION ALLOCATION MAP

 output                                  attributes/
section   page    origin      length       input sections
--------  ----  ----------  ----------   ----------------
.intvecs   0    00000000    000000c0     
                  00000000    000000c0     startup_mspm0g350x_ticlang.o (.intvecs)

.text      0    000000c0    000001f0     
                  000000c0    000000ac     main.o (.text.main)
                  0000016c    00000040     ti_msp_dl_config.o (.text.SYSCFG_DL_GPIO_init)
                  000001ac    00000030     ti_msp_dl_config.o (.text.SYSCFG_DL_I2C0_init)
                  000001dc    00000030     ti_msp_dl_config.o (.text.SYSCFG_DL_SYSCTL_init)
                  0000020c    0000002c     ti_msp_dl_config.o (.text.SYSCFG_DL_initPower)
                  00000238    00000026     driverlib.a : dl_i2c.o (.text.DL_I2C_setClockConfig)
                  0000025e    00000002     startup_mspm0g350x_ticlang.o (.text.Default_Handler)
                  00000260    00000020     libc.a : boot_cortex_m.c.obj (.text:_c_int00_noinit_noargs)
                  00000280    00000014     ti_msp_dl_config.o (.text.SYSCFG_DL_init)
                  00000294    0000000a     driverlib.a : dl_common.o (.text.DL_Common_delayCycles)
                  0000029e    00000004     startup_mspm0g350x_ticlang.o (.text.Reset_Handler)
                  000002a2    00000004     libc.a : pre_init.c.obj (.text._system_pre_init)
                  000002a6    00000004            : exit.c.obj (.text:abort)
                  000002aa    00000006     --HOLE-- [fill = 0]

.cinit     0    00000000    00000000     

.rodata    0    000002b0    00000008     
                  000002b0    00000002     ti_msp_dl_config.o (.rodata.gI2C0ClockConfig)
                  000002b2    00000006     --HOLE-- [fill = 0]

.init_array 
*          0    00000000    00000000     UNINITIALIZED

.binit     0    00000000    00000000     

.stack     0    20207e00    00000200     UNINITIALIZED
                  20207e00    00000004     libc.a : boot_cortex_m.c.obj (.stack)
                  20207e04    000001fc     --HOLE--

__llvm_prf_cnts 
*          0    20200000    00000000     UNINITIALIZED

__llvm_prf_bits 
*          0    20200000    00000000     UNINITIALIZED

MODULE SUMMARY

       Module                         code   ro data   rw data
       ------                         ----   -------   -------
    ./
       startup_mspm0g350x_ticlang.o   6      192       0      
       main.o                         172    0         0      
    +--+------------------------------+------+---------+---------+
       Total:                         178    192       0      
                                                              
    ./syscfg/
       ti_msp_dl_config.o             224    2         0      
    +--+------------------------------+------+---------+---------+
       Total:                         224    2         0      
                                                              
    /Applications/ti/ccs1281/ccs/tools/compiler/ti-cgt-armllvm_3.2.1.LTS/lib/armv6m-ti-none-eabi/c/libc.a
       boot_cortex_m.c.obj            32     0         0      
       exit.c.obj                     4      0         0      
       pre_init.c.obj                 4      0         0      
    +--+------------------------------+------+---------+---------+
       Total:                         40     0         0      
                                                              
    /Users/lance/ti/mspm0_sdk_2_03_00_07/source/ti/driverlib/lib/ticlang/m0p/mspm0g1x0x_g3x0x/driverlib.a
       dl_i2c.o                       38     0         0      
       dl_common.o                    10     0         0      
    +--+------------------------------+------+---------+---------+
       Total:                         48     0         0      
                                                              
       Stack:                         0      0         512    
    +--+------------------------------+------+---------+---------+
       Grand Total:                   490    194       512    


GLOBAL SYMBOLS: SORTED ALPHABETICALLY BY Name 

address   name                    
-------   ----                    
0000025f  ADC0_IRQHandler         
0000025f  ADC1_IRQHandler         
0000025f  AES_IRQHandler          
000002a6  C$$EXIT                 
0000025f  CANFD0_IRQHandler       
0000025f  DAC0_IRQHandler         
00000295  DL_Common_delayCycles   
00000239  DL_I2C_setClockConfig   
0000025f  DMA_IRQHandler          
0000025f  Default_Handler         
0000025f  GROUP0_IRQHandler       
0000025f  GROUP1_IRQHandler       
0000025f  HardFault_Handler       
0000025f  I2C0_IRQHandler         
0000025f  I2C1_IRQHandler         
0000025f  NMI_Handler             
0000025f  PendSV_Handler          
0000025f  RTC_IRQHandler          
0000029f  Reset_Handler           
0000025f  SPI0_IRQHandler         
0000025f  SPI1_IRQHandler         
0000025f  SVC_Handler             
0000016d  SYSCFG_DL_GPIO_init     
000001ad  SYSCFG_DL_I2C0_init     
000001dd  SYSCFG_DL_SYSCTL_init   
00000281  SYSCFG_DL_init          
0000020d  SYSCFG_DL_initPower     
0000025f  SysTick_Handler         
0000025f  TIMA0_IRQHandler        
0000025f  TIMA1_IRQHandler        
0000025f  TIMG0_IRQHandler        
0000025f  TIMG12_IRQHandler       
0000025f  TIMG6_IRQHandler        
0000025f  TIMG7_IRQHandler        
0000025f  TIMG8_IRQHandler        
0000025f  UART0_IRQHandler        
0000025f  UART1_IRQHandler        
0000025f  UART2_IRQHandler        
0000025f  UART3_IRQHandler        
20208000  __STACK_END             
00000200  __STACK_SIZE            
00000000  __TI_ATRegion0_region_sz
00000000  __TI_ATRegion0_src_addr 
00000000  __TI_ATRegion0_trg_addr 
00000000  __TI_ATRegion1_region_sz
00000000  __TI_ATRegion1_src_addr 
00000000  __TI_ATRegion1_trg_addr 
00000000  __TI_ATRegion2_region_sz
00000000  __TI_ATRegion2_src_addr 
00000000  __TI_ATRegion2_trg_addr 
00000000  __TI_CINIT_Base         
00000000  __TI_CINIT_Limit        
00000000  __TI_CINIT_Warm         
ffffffff  __TI_pprof_out_hndl     
ffffffff  __TI_prof_data_size     
ffffffff  __TI_prof_data_start    
00000000  __TI_static_base__      
ffffffff  __binit__               
UNDEFED   __mpu_init              
20207e00  __stack                 
20200000  __start___llvm_prf_bits 
20200000  __start___llvm_prf_cnts 
20200000  __stop___llvm_prf_bits  
20200000  __stop___llvm_prf_cnts  
00000261  _c_int00_noinit_noargs  
000002a3  _system_pre_init        
000002a7  abort                   
ffffffff  binit                   
00000000  interruptVectors        
000000c1  main                    


GLOBAL SYMBOLS: SORTED BY Symbol Address 

address   name                    
-------   ----                    
00000000  __TI_ATRegion0_region_sz
00000000  __TI_ATRegion0_src_addr 
00000000  __TI_ATRegion0_trg_addr 
00000000  __TI_ATRegion1_region_sz
00000000  __TI_ATRegion1_src_addr 
00000000  __TI_ATRegion1_trg_addr 
00000000  __TI_ATRegion2_region_sz
00000000  __TI_ATRegion2_src_addr 
00000000  __TI_ATRegion2_trg_addr 
00000000  __TI_CINIT_Base         
00000000  __TI_CINIT_Limit        
00000000  __TI_CINIT_Warm         
00000000  __TI_static_base__      
00000000  interruptVectors        
000000c1  main                    
0000016d  SYSCFG_DL_GPIO_init     
000001ad  SYSCFG_DL_I2C0_init     
000001dd  SYSCFG_DL_SYSCTL_init   
00000200  __STACK_SIZE            
0000020d  SYSCFG_DL_initPower     
00000239  DL_I2C_setClockConfig   
0000025f  ADC0_IRQHandler         
0000025f  ADC1_IRQHandler         
0000025f  AES_IRQHandler          
0000025f  CANFD0_IRQHandler       
0000025f  DAC0_IRQHandler         
0000025f  DMA_IRQHandler          
0000025f  Default_Handler         
0000025f  GROUP0_IRQHandler       
0000025f  GROUP1_IRQHandler       
0000025f  HardFault_Handler       
0000025f  I2C0_IRQHandler         
0000025f  I2C1_IRQHandler         
0000025f  NMI_Handler             
0000025f  PendSV_Handler          
0000025f  RTC_IRQHandler          
0000025f  SPI0_IRQHandler         
0000025f  SPI1_IRQHandler         
0000025f  SVC_Handler             
0000025f  SysTick_Handler         
0000025f  TIMA0_IRQHandler        
0000025f  TIMA1_IRQHandler        
0000025f  TIMG0_IRQHandler        
0000025f  TIMG12_IRQHandler       
0000025f  TIMG6_IRQHandler        
0000025f  TIMG7_IRQHandler        
0000025f  TIMG8_IRQHandler        
0000025f  UART0_IRQHandler        
0000025f  UART1_IRQHandler        
0000025f  UART2_IRQHandler        
0000025f  UART3_IRQHandler        
00000261  _c_int00_noinit_noargs  
00000281  SYSCFG_DL_init          
00000295  DL_Common_delayCycles   
0000029f  Reset_Handler           
000002a3  _system_pre_init        
000002a6  C$$EXIT                 
000002a7  abort                   
20200000  __start___llvm_prf_bits 
20200000  __start___llvm_prf_cnts 
20200000  __stop___llvm_prf_bits  
20200000  __stop___llvm_prf_cnts  
20207e00  __stack                 
20208000  __STACK_END             
ffffffff  __TI_pprof_out_hndl     
ffffffff  __TI_prof_data_size     
ffffffff  __TI_prof_data_start    
ffffffff  __binit__               
ffffffff  binit                   
UNDEFED   __mpu_init              

[70 symbols]
