******************************************************************************
            TI ARM Clang Linker Unix v3.2.1                    
******************************************************************************
>> Linked Tue May  6 08:36:20 2025

OUTPUT FILE NAME:   <i2c_controller_rw_multibyte_fifo_interrupts_LP_MSPM0G3507_nortos_ticlang.out>
ENTRY POINT SYMBOL: "_c_int00_noargs"  address: 000006c9


MEMORY CONFIGURATION

         name            origin    length      used     unused   attr    fill
----------------------  --------  ---------  --------  --------  ----  --------
  FLASH                 00000000   00020000  000007c8  0001f838  R  X
  SRAM                  20200000   00008000  0000023c  00007dc4  RW X
  BCR_CONFIG            41c00000   000000ff  00000000  000000ff  R   
  BSL_CONFIG            41c00100   00000080  00000000  00000080  R   


SEGMENT ALLOCATION MAP

run origin  load origin   length   init length attrs members
----------  ----------- ---------- ----------- ----- -------
00000000    00000000    000007c8   000007c8    r-x
  00000000    00000000    000000c0   000000c0    r-- .intvecs
  000000c0    000000c0    000006b8   000006b8    r-x .text
  00000778    00000778    00000008   00000008    r-- .rodata
  00000780    00000780    00000048   00000048    r-- .cinit
20200000    20200000    0000003c   00000000    rw-
  20200000    20200000    00000025   00000000    rw- .bss
  20200025    20200025    00000017   00000000    rw- .data
20207e00    20207e00    00000200   00000000    rw-
  20207e00    20207e00    00000200   00000000    rw- .stack


SECTION ALLOCATION MAP

 output                                  attributes/
section   page    origin      length       input sections
--------  ----  ----------  ----------   ----------------
.intvecs   0    00000000    000000c0     
                  00000000    000000c0     startup_mspm0g350x_ticlang.o (.intvecs)

.text      0    000000c0    000006b8     
                  000000c0    00000140     i2c_controller_rw_multibyte_fifo_interrupts.o (.text.main)
                  00000200    000000f8     i2c_controller_rw_multibyte_fifo_interrupts.o (.text.I2C_INST_IRQHandler)
                  000002f8    000000d4     i2c_controller_rw_multibyte_fifo_interrupts.o (.text.i2c_send)
                  000003cc    0000009a     libc.a : memcpy16.S.obj (.text:memcpy)
                  00000466    00000002     startup_mspm0g350x_ticlang.o (.text.Default_Handler)
                  00000468    00000080     ti_msp_dl_config.o (.text.SYSCFG_DL_GPIO_init)
                  000004e8    00000078     libc.a : copy_decompress_lzss.c.obj (.text:decompress:lzss)
                  00000560    00000068     ti_msp_dl_config.o (.text.SYSCFG_DL_I2C1_init)
                  000005c8    0000005e     driverlib.a : dl_i2c.o (.text.DL_I2C_fillControllerTXFIFO)
                  00000626    00000002     --HOLE-- [fill = 0]
                  00000628    0000003c     libc.a : autoinit.c.obj (.text:__TI_auto_init_nobinit_nopinit)
                  00000664    00000034     ti_msp_dl_config.o (.text.SYSCFG_DL_initPower)
                  00000698    00000030     ti_msp_dl_config.o (.text.SYSCFG_DL_SYSCTL_init)
                  000006c8    00000028     libc.a : boot_cortex_m.c.obj (.text:_c_int00_noargs)
                  000006f0    00000026     driverlib.a : dl_i2c.o (.text.DL_I2C_setClockConfig)
                  00000716    00000016     libc.a : copy_zero_init.c.obj (.text:decompress:ZI:__TI_zero_init_nomemset)
                  0000072c    00000014     ti_msp_dl_config.o (.text.SYSCFG_DL_init)
                  00000740    00000012     libc.a : copy_decompress_none.c.obj (.text:decompress:none)
                  00000752    0000000a     driverlib.a : dl_common.o (.text.DL_Common_delayCycles)
                  0000075c    00000008     i2c_controller_rw_multibyte_fifo_interrupts.o (.text.I2C1_IRQHandler)
                  00000764    00000008     libclang_rt.builtins.a : aeabi_memcpy.S.obj (.text.__aeabi_memcpy)
                  0000076c    00000004     startup_mspm0g350x_ticlang.o (.text.Reset_Handler)
                  00000770    00000004     libc.a : pre_init.c.obj (.text._system_pre_init)
                  00000774    00000004            : exit.c.obj (.text:abort)

.cinit     0    00000780    00000048     
                  00000780    0000001d     (.cinit..data.load) [load image, compression = lzss]
                  0000079d    00000003     --HOLE-- [fill = 0]
                  000007a0    0000000c     (__TI_handler_table)
                  000007ac    00000008     (.cinit..bss.load) [load image, compression = zero_init]
                  000007b4    00000010     (__TI_cinit_table)
                  000007c4    00000004     --HOLE-- [fill = 0]

.rodata    0    00000778    00000008     
                  00000778    00000002     ti_msp_dl_config.o (.rodata.gI2C1ClockConfig)
                  0000077a    00000006     --HOLE-- [fill = 0]

.init_array 
*          0    00000000    00000000     UNINITIALIZED

.binit     0    00000000    00000000     

.bss       0    20200000    00000025     UNINITIALIZED
                  20200000    00000010     (.common:gRxPacket)
                  20200010    00000004     (.common:gRxCount)
                  20200014    00000004     (.common:gRxLen)
                  20200018    00000004     (.common:gTxBuf)
                  2020001c    00000004     (.common:gTxCount)
                  20200020    00000004     (.common:gTxLen)
                  20200024    00000001     (.common:gI2cControllerStatus)

.data      0    20200025    00000017     UNINITIALIZED
                  20200025    00000007     i2c_controller_rw_multibyte_fifo_interrupts.o (.data.setPixel)
                  2020002c    00000004     i2c_controller_rw_multibyte_fifo_interrupts.o (.data.enableNeopixels)
                  20200030    00000004     i2c_controller_rw_multibyte_fifo_interrupts.o (.data.setBufLen)
                  20200034    00000003     i2c_controller_rw_multibyte_fifo_interrupts.o (.data.setPin)
                  20200037    00000003     i2c_controller_rw_multibyte_fifo_interrupts.o (.data.setSpeed)
                  2020003a    00000002     i2c_controller_rw_multibyte_fifo_interrupts.o (.data.show)

.stack     0    20207e00    00000200     UNINITIALIZED
                  20207e00    00000004     libc.a : boot_cortex_m.c.obj (.stack)
                  20207e04    000001fc     --HOLE--

__llvm_prf_cnts 
*          0    20200000    00000000     UNINITIALIZED

__llvm_prf_bits 
*          0    20200000    00000000     UNINITIALIZED

MODULE SUMMARY

       Module                                          code   ro data   rw data
       ------                                          ----   -------   -------
    ./
       i2c_controller_rw_multibyte_fifo_interrupts.o   788    0         60     
       ti_msp_dl_config.o                              352    2         0      
       startup_mspm0g350x_ticlang.o                    6      192       0      
    +--+-----------------------------------------------+------+---------+---------+
       Total:                                          1146   194       60     
                                                                               
    /Applications/ti/ccs1281/ccs/tools/compiler/ti-cgt-armllvm_3.2.1.LTS/lib/armv6m-ti-none-eabi/c/libc.a
       memcpy16.S.obj                                  154    0         0      
       copy_decompress_lzss.c.obj                      120    0         0      
       autoinit.c.obj                                  60     0         0      
       boot_cortex_m.c.obj                             40     0         0      
       copy_zero_init.c.obj                            22     0         0      
       copy_decompress_none.c.obj                      18     0         0      
       exit.c.obj                                      4      0         0      
       pre_init.c.obj                                  4      0         0      
    +--+-----------------------------------------------+------+---------+---------+
       Total:                                          422    0         0      
                                                                               
    /Applications/ti/ccs1281/ccs/tools/compiler/ti-cgt-armllvm_3.2.1.LTS/lib/clang/15.0.7/lib/armv6m-ti-none-eabi/libclang_rt.builtins.a
       aeabi_memcpy.S.obj                              8      0         0      
    +--+-----------------------------------------------+------+---------+---------+
       Total:                                          8      0         0      
                                                                               
    /Users/lance/ti/mspm0_sdk_2_04_00_06/source/ti/driverlib/lib/ticlang/m0p/mspm0g1x0x_g3x0x/driverlib.a
       dl_i2c.o                                        132    0         0      
       dl_common.o                                     10     0         0      
    +--+-----------------------------------------------+------+---------+---------+
       Total:                                          142    0         0      
                                                                               
       Stack:                                          0      0         512    
       Linker Generated:                               0      65        0      
    +--+-----------------------------------------------+------+---------+---------+
       Grand Total:                                    1718   259       572    


LINKER GENERATED COPY TABLES

__TI_cinit_table @ 000007b4 records: 2, size/record: 8, table size: 16
	.data: load addr=00000780, load size=0000001d bytes, run addr=20200025, run size=00000017 bytes, compression=lzss
	.bss: load addr=000007ac, load size=00000008 bytes, run addr=20200000, run size=00000025 bytes, compression=zero_init


LINKER GENERATED HANDLER TABLE

__TI_handler_table @ 000007a0 records: 3, size/record: 4, table size: 12
	index: 0, handler: __TI_decompress_lzss
	index: 1, handler: __TI_decompress_none
	index: 2, handler: __TI_zero_init


GLOBAL SYMBOLS: SORTED ALPHABETICALLY BY Name 

address   name                          
-------   ----                          
00000467  ADC0_IRQHandler               
00000467  ADC1_IRQHandler               
00000467  AES_IRQHandler                
00000774  C$$EXIT                       
00000467  CANFD0_IRQHandler             
00000467  DAC0_IRQHandler               
00000753  DL_Common_delayCycles         
000005c9  DL_I2C_fillControllerTXFIFO   
000006f1  DL_I2C_setClockConfig         
00000467  DMA_IRQHandler                
00000467  Default_Handler               
00000467  GROUP0_IRQHandler             
00000467  GROUP1_IRQHandler             
00000467  HardFault_Handler             
00000467  I2C0_IRQHandler               
0000075d  I2C1_IRQHandler               
00000201  I2C_INST_IRQHandler           
00000467  NMI_Handler                   
00000467  PendSV_Handler                
00000467  RTC_IRQHandler                
0000076d  Reset_Handler                 
00000467  SPI0_IRQHandler               
00000467  SPI1_IRQHandler               
00000467  SVC_Handler                   
00000469  SYSCFG_DL_GPIO_init           
00000561  SYSCFG_DL_I2C1_init           
00000699  SYSCFG_DL_SYSCTL_init         
0000072d  SYSCFG_DL_init                
00000665  SYSCFG_DL_initPower           
00000467  SysTick_Handler               
00000467  TIMA0_IRQHandler              
00000467  TIMA1_IRQHandler              
00000467  TIMG0_IRQHandler              
00000467  TIMG12_IRQHandler             
00000467  TIMG6_IRQHandler              
00000467  TIMG7_IRQHandler              
00000467  TIMG8_IRQHandler              
00000467  UART0_IRQHandler              
00000467  UART1_IRQHandler              
00000467  UART2_IRQHandler              
00000467  UART3_IRQHandler              
20208000  __STACK_END                   
00000200  __STACK_SIZE                  
00000000  __TI_ATRegion0_region_sz      
00000000  __TI_ATRegion0_src_addr       
00000000  __TI_ATRegion0_trg_addr       
00000000  __TI_ATRegion1_region_sz      
00000000  __TI_ATRegion1_src_addr       
00000000  __TI_ATRegion1_trg_addr       
00000000  __TI_ATRegion2_region_sz      
00000000  __TI_ATRegion2_src_addr       
00000000  __TI_ATRegion2_trg_addr       
000007b4  __TI_CINIT_Base               
000007c4  __TI_CINIT_Limit              
000007c4  __TI_CINIT_Warm               
000007a0  __TI_Handler_Table_Base       
000007ac  __TI_Handler_Table_Limit      
00000629  __TI_auto_init_nobinit_nopinit
000004e9  __TI_decompress_lzss          
00000741  __TI_decompress_none          
ffffffff  __TI_pprof_out_hndl           
ffffffff  __TI_prof_data_size           
ffffffff  __TI_prof_data_start          
00000000  __TI_static_base__            
00000717  __TI_zero_init_nomemset       
00000765  __aeabi_memcpy                
00000765  __aeabi_memcpy4               
00000765  __aeabi_memcpy8               
ffffffff  __binit__                     
UNDEFED   __mpu_init                    
20207e00  __stack                       
20200000  __start___llvm_prf_bits       
20200000  __start___llvm_prf_cnts       
20200000  __stop___llvm_prf_bits        
20200000  __stop___llvm_prf_cnts        
000006c9  _c_int00_noargs               
UNDEFED   _system_post_cinit            
00000771  _system_pre_init              
00000775  abort                         
ffffffff  binit                         
2020002c  enableNeopixels               
20200024  gI2cControllerStatus          
20200010  gRxCount                      
20200014  gRxLen                        
20200000  gRxPacket                     
20200018  gTxBuf                        
2020001c  gTxCount                      
20200020  gTxLen                        
000002f9  i2c_send                      
00000000  interruptVectors              
000000c1  main                          
000003cd  memcpy                        
20200030  setBufLen                     
20200034  setPin                        
20200025  setPixel                      
20200037  setSpeed                      
2020003a  show                          


GLOBAL SYMBOLS: SORTED BY Symbol Address 

address   name                          
-------   ----                          
00000000  __TI_ATRegion0_region_sz      
00000000  __TI_ATRegion0_src_addr       
00000000  __TI_ATRegion0_trg_addr       
00000000  __TI_ATRegion1_region_sz      
00000000  __TI_ATRegion1_src_addr       
00000000  __TI_ATRegion1_trg_addr       
00000000  __TI_ATRegion2_region_sz      
00000000  __TI_ATRegion2_src_addr       
00000000  __TI_ATRegion2_trg_addr       
00000000  __TI_static_base__            
00000000  interruptVectors              
000000c1  main                          
00000200  __STACK_SIZE                  
00000201  I2C_INST_IRQHandler           
000002f9  i2c_send                      
000003cd  memcpy                        
00000467  ADC0_IRQHandler               
00000467  ADC1_IRQHandler               
00000467  AES_IRQHandler                
00000467  CANFD0_IRQHandler             
00000467  DAC0_IRQHandler               
00000467  DMA_IRQHandler                
00000467  Default_Handler               
00000467  GROUP0_IRQHandler             
00000467  GROUP1_IRQHandler             
00000467  HardFault_Handler             
00000467  I2C0_IRQHandler               
00000467  NMI_Handler                   
00000467  PendSV_Handler                
00000467  RTC_IRQHandler                
00000467  SPI0_IRQHandler               
00000467  SPI1_IRQHandler               
00000467  SVC_Handler                   
00000467  SysTick_Handler               
00000467  TIMA0_IRQHandler              
00000467  TIMA1_IRQHandler              
00000467  TIMG0_IRQHandler              
00000467  TIMG12_IRQHandler             
00000467  TIMG6_IRQHandler              
00000467  TIMG7_IRQHandler              
00000467  TIMG8_IRQHandler              
00000467  UART0_IRQHandler              
00000467  UART1_IRQHandler              
00000467  UART2_IRQHandler              
00000467  UART3_IRQHandler              
00000469  SYSCFG_DL_GPIO_init           
000004e9  __TI_decompress_lzss          
00000561  SYSCFG_DL_I2C1_init           
000005c9  DL_I2C_fillControllerTXFIFO   
00000629  __TI_auto_init_nobinit_nopinit
00000665  SYSCFG_DL_initPower           
00000699  SYSCFG_DL_SYSCTL_init         
000006c9  _c_int00_noargs               
000006f1  DL_I2C_setClockConfig         
00000717  __TI_zero_init_nomemset       
0000072d  SYSCFG_DL_init                
00000741  __TI_decompress_none          
00000753  DL_Common_delayCycles         
0000075d  I2C1_IRQHandler               
00000765  __aeabi_memcpy                
00000765  __aeabi_memcpy4               
00000765  __aeabi_memcpy8               
0000076d  Reset_Handler                 
00000771  _system_pre_init              
00000774  C$$EXIT                       
00000775  abort                         
000007a0  __TI_Handler_Table_Base       
000007ac  __TI_Handler_Table_Limit      
000007b4  __TI_CINIT_Base               
000007c4  __TI_CINIT_Limit              
000007c4  __TI_CINIT_Warm               
20200000  __start___llvm_prf_bits       
20200000  __start___llvm_prf_cnts       
20200000  __stop___llvm_prf_bits        
20200000  __stop___llvm_prf_cnts        
20200000  gRxPacket                     
20200010  gRxCount                      
20200014  gRxLen                        
20200018  gTxBuf                        
2020001c  gTxCount                      
20200020  gTxLen                        
20200024  gI2cControllerStatus          
20200025  setPixel                      
2020002c  enableNeopixels               
20200030  setBufLen                     
20200034  setPin                        
20200037  setSpeed                      
2020003a  show                          
20207e00  __stack                       
20208000  __STACK_END                   
ffffffff  __TI_pprof_out_hndl           
ffffffff  __TI_prof_data_size           
ffffffff  __TI_prof_data_start          
ffffffff  __binit__                     
ffffffff  binit                         
UNDEFED   __mpu_init                    
UNDEFED   _system_post_cinit            

[97 symbols]
